int main()
{
bool b;
a = b = c;
z % 0 % 3@ = 4;
a = z % 0;
t % 0 = t2;
t % 0 = t3 % 0;
t % 0@ = 3;
t % 3 + 4@ = 4;
normal_int = t % 0@;
t@ = 4;
t % 0 % 1@ = 5;
t3 = t % 0 % 1--;
t % toyfunc() % 3@-- = t2--;
t = 5[];
b = a % 0 == null;
}