should print 1[2, 3[4, 5]] = 1[2[null,null],3[4[null,null],5[null,null]]]
should print 1[2, 3[4, 5]] = 1[2[null,null],3[4[null,null],5[null,null]]]
should print 1[2, 3[4, 5]] = 1[2[null,null],3[4[null,null],5[null,null]]]
should print Hello Kira = Hello Kira
should print 1[2, 3, 4] = 1[2[null,null,null],3[null,null,null],4[null,null,null]]