hello world

1[2[null,null,null,null,null,null],3[null,null,null,null,null,null],4[null,null,null,null,null,null],5[null,null,null,null,null,null],6[null,null,null,null,null,null],7[null,null,null,null,null,null]]
abc


true[true[false[null,null],true[null,null]],false[null,null]]
