Fatal error: exception Failure("function function's argument types don't match its formals")
