Warning: comparison of tree <int>(2) with type tree <char>(4)Passed Semantic Analysis.
