t = 1[2[null,102[103[null,null],104[null,null]]],3[4[null,null],5[null,null]]]
