should be degree 2 = 2
should be degree 3 = 3
should be degree 1 = 1
should print 102 = 102
