3[4[9[101[null,null],6[7[null,null],8[null,null]]],10[null,null]],5[null,null]]
6[7[null,null],8[null,null]]
