Fatal error: exception Failure("operator + not compatible with expressions of type int and float")
