abZhijklmn
s = 1002[1003[null,null],1004[null,null]]
t = 1[201[-101[null,null],102[null,null]],1002[1003[null,null],1004[null,null]]]
u = 1001[1002[1003[null,null],1004[null,null]],1005[null,null]]
1[2[0[null,null],1[null,null]],5[null,null]]
6[7[8[null,null],9[null,null]],10[null,null]]