3.000000-1.0000002.00000067.50000099.000000falsefalsetrue99.000000truefalse99.000000truefalse99.000000truetruefalse99.000000falsetrue99.000000falsetruetrue