Fatal error: exception Failure("while loop must evaluate on boolean expression")
