h[i[j[null,null],o[null,null]],k[null,null]]1[2[null,null,null],3[4[null,null,null],5[null,null,null],6[null,null,null]],7[null,null,null]]1.000000[2.100000[null,null,null],3.100000[null,null,null],4.100000[5.200000[null,null,null],5.300000[null,null,null],5.400000[null,null,null]]]true[false[true[null,null],false[null,null]],true[null,null]]