6[4[2[null,null],3[null,null]],null]
6[4[2[null,null],3[null,null]],null]
4[2[6[null,null],null],3[null,null]]
4[2[5[null,null],6[null,null]],3[6[7[null,null],8[null,null]],null]]
4[2[5[5[10[null,null],9[null,null]],4[2[5[null,null],6[null,null]],3[6[7[null,null],8[null,null]],null]]],6[null,null]],3[6[7[null,null],8[null,null]],5[10[null,null],9[null,null]]]]
