Fatal error: exception Failure("Tree literal type is not consistent: expected <int> but received <float>")
