Fatal error: exception Failure("function return type bool; type intexpected")
