Fatal error: exception Failure("Tree type is not consistent: expected <int>(3) but received <int>(4)")
