int main()
{
do();
do2();
}

int do2()
{
print(2);
}

int do()
{
print(1);
}
