1[2[6[7[8[null,null],9[null,null]],10[null,null]],4[null,null]],5[null,null]]
8[null,null]
