int main()
{
tree <char>a(1);
a = "hello, world";
print(a);
return 0;
}
