#include "lrxlib.h"
int main();

int main()
{
int a_2 = 0;
int b_2 = 0;
int __tmp_int_7 = 0;
int __tmp_int_6 = 0;
int __tmp_int_5 = 0;
int __tmp_int_4 = 0;
int __tmp_int_3 = 0;
int __tmp_bool_2 = false;
int __tmp_int_1 = 0;
int __tmp_int_0 = 0;

__tmp_int_7 = 0;

b_2 = __tmp_int_7;

goto __LABEL_1;
__LABEL_0:
__tmp_int_5 = 1;

__tmp_int_6 = b_2 + __tmp_int_5;

b_2 = __tmp_int_6;

__tmp_int_3 = 2;

__tmp_int_4 = a_2 + __tmp_int_3;

a_2 = __tmp_int_4;

__LABEL_1:
__tmp_int_1 = 20;

__tmp_bool_2 = a_2 < __tmp_int_1;

if(__tmp_bool_2) goto __LABEL_0;
return b_2;
return __tmp_int_0;

}
