t=
1[2[6[null,null],4[null,null]],5[null,null]]
s=
6[7[8[null,null],9[null,null]],10[null,null]]

t=
8[null,null]
s=
6[7[8[null,null],9[null,null]],10[null,null]]

t=
7[8[null,null],9[null,null]]
s=
6[7[8[null,null],9[null,null]],10[null,null]]

t=
7[8[null,null],9[44[55[null,null],66[null,null]],null]]
s=
6[7[8[null,null],9[44[55[null,null],66[null,null]],null]],10[null,null]]

t=
null
s=
6[7[8[null,null],9[44[55[null,null],66[null,null]],null]],10[null,null]]

